RRYRY XXXYYXXXXXXXXXXRXXRXXXXXXX
INVALID
GGGGG GGXGGXXXGXXXXXXRXXRXXXXXXX
CORRECT 2
1 0 2.00
Next game?
YRYYR XXXRYXXXXXXXXXXRXXYXXXXXXX
YRYYR XXXRYXXXXXXXXXXRXXYXXXXXXX
YRYYR XXXRYXXXXXXXXXXRXXYXXXXXXX
YRYYR XXXRYXXXXXXXXXXRXXYXXXXXXX
YRYYR XXXRYXXXXXXXXXXRXXYXXXXXXX
YRYYR XXXRYXXXXXXXXXXRXXYXXXXXXX
FAILED ERASE
1 1 2.00
Next game?
GRGRR XXXRGXXXXXXXXXXRXXGXXXXXXX
GGGGG GXXRGXXXXXXGXXXRXXGGXXXXXX
CORRECT 2
2 1 2.00
Next game?
RYGYR XXXRGXXXXXXXXXXYXXRXXXXXXX
INVALID
GGGGG XXGRGXXXXXXXXXXGXGRXXXXXXX
CORRECT 2
3 1 2.00
Next game?
GRRGG XXXGGXXXXXXXXXXRXXGXXXXXXX
GGGGG XXXGGXXGGXXXXXXRXXGXXXXXXX
CORRECT 2
4 1 2.00
Next game?
